
=== 民国谍战 ===
原始输出： '7|玩家有联络员「白鸮」，约定在申报馆后门用《大公报》第三版夹纸条接头。\n6|玩家将密码本藏在留声机夹层。\n5|玩家隶属某情报站，受站长管辖。'
解析出 3 条：
  [7] 玩家有联络员「白鸮」，约定在申报馆后门用《大公报》第三版夹纸条接头
  [6] 玩家将密码本藏在留声机夹层
  [5] 玩家隶属某情报站，受站长管辖

=== 太空科幻 ===
原始输出： '7|玩家拥有/控制飞船「渡鸦号」。\n6|「渡鸦号」船籍现挂靠在赫利俄斯矿业名下。\n5|玩家用一块旧能源电池抵扣了1200信用点债务。\n6|玩家与轮机长洛桑约定：返航后洛桑教玩家读星图，条件是为他隐瞒货单。\n5|轮机长洛桑是玩家船上的船员/关键关系人。'
解析出 5 条：
  [7] 玩家拥有/控制飞船「渡鸦号」
  [6] 「渡鸦号」船籍现挂靠在赫利俄斯矿业名下
  [5] 玩家用一块旧能源电池抵扣了1200信用点债务
  [6] 玩家与轮机长洛桑约定：返航后洛桑教玩家读星图，条件是为他隐瞒货单
  [5] 轮机长洛桑是玩家船上的船员/关键关系人

=== 现代都市 ===
原始输出： '6|林越与老周约定：周五前将三箱货送到城南环宇仓库，报酬两千元。\n6|林越的刑警队老同学警告他不要再碰老周委托的那批货。\n5|林越有一名在刑警队工作的老同学。\n4|林越接手了一辆报废捷达货车，车牌为京A·7H2B9。'
解析出 4 条：
  [6] 林越与老周约定：周五前将三箱货送到城南环宇仓库，报酬两千元
  [6] 林越的刑警队老同学警告他不要再碰老周委托的那批货
  [5] 林越有一名在刑警队工作的老同学
  [4] 林越接手了一辆报废捷达货车，车牌为京A·7H2B9

